Archive member included to satisfy reference by file (symbol)

c:/program files (x86)/gnu arm embedded toolchain/10 2020-q4-major/bin/../lib/gcc/arm-none-eabi/10.2.1/../../../../arm-none-eabi/lib/thumb/v7-m/nofp\libc_nano.a(lib_a-errno.o)
                              build/syscalls.o (__errno)
c:/program files (x86)/gnu arm embedded toolchain/10 2020-q4-major/bin/../lib/gcc/arm-none-eabi/10.2.1/../../../../arm-none-eabi/lib/thumb/v7-m/nofp\libc_nano.a(lib_a-exit.o)
                              c:/program files (x86)/gnu arm embedded toolchain/10 2020-q4-major/bin/../lib/gcc/arm-none-eabi/10.2.1/../../../../arm-none-eabi/lib/thumb/v7-m/nofp/crt0.o (exit)
c:/program files (x86)/gnu arm embedded toolchain/10 2020-q4-major/bin/../lib/gcc/arm-none-eabi/10.2.1/../../../../arm-none-eabi/lib/thumb/v7-m/nofp\libc_nano.a(lib_a-impure.o)
                              c:/program files (x86)/gnu arm embedded toolchain/10 2020-q4-major/bin/../lib/gcc/arm-none-eabi/10.2.1/../../../../arm-none-eabi/lib/thumb/v7-m/nofp\libc_nano.a(lib_a-exit.o) (_global_impure_ptr)
c:/program files (x86)/gnu arm embedded toolchain/10 2020-q4-major/bin/../lib/gcc/arm-none-eabi/10.2.1/../../../../arm-none-eabi/lib/thumb/v7-m/nofp\libc_nano.a(lib_a-init.o)
                              c:/program files (x86)/gnu arm embedded toolchain/10 2020-q4-major/bin/../lib/gcc/arm-none-eabi/10.2.1/../../../../arm-none-eabi/lib/thumb/v7-m/nofp/crt0.o (__libc_init_array)
c:/program files (x86)/gnu arm embedded toolchain/10 2020-q4-major/bin/../lib/gcc/arm-none-eabi/10.2.1/../../../../arm-none-eabi/lib/thumb/v7-m/nofp\libc_nano.a(lib_a-memset.o)
                              c:/program files (x86)/gnu arm embedded toolchain/10 2020-q4-major/bin/../lib/gcc/arm-none-eabi/10.2.1/../../../../arm-none-eabi/lib/thumb/v7-m/nofp/crt0.o (memset)

Discarded input sections

 .text          0x00000000        0x0 c:/program files (x86)/gnu arm embedded toolchain/10 2020-q4-major/bin/../lib/gcc/arm-none-eabi/10.2.1/thumb/v7-m/nofp/crti.o
 .data          0x00000000        0x0 c:/program files (x86)/gnu arm embedded toolchain/10 2020-q4-major/bin/../lib/gcc/arm-none-eabi/10.2.1/thumb/v7-m/nofp/crti.o
 .bss           0x00000000        0x0 c:/program files (x86)/gnu arm embedded toolchain/10 2020-q4-major/bin/../lib/gcc/arm-none-eabi/10.2.1/thumb/v7-m/nofp/crti.o
 .data          0x00000000        0x4 c:/program files (x86)/gnu arm embedded toolchain/10 2020-q4-major/bin/../lib/gcc/arm-none-eabi/10.2.1/thumb/v7-m/nofp/crtbegin.o
 .rodata        0x00000000       0x24 c:/program files (x86)/gnu arm embedded toolchain/10 2020-q4-major/bin/../lib/gcc/arm-none-eabi/10.2.1/thumb/v7-m/nofp/crtbegin.o
 .text          0x00000000       0x7c c:/program files (x86)/gnu arm embedded toolchain/10 2020-q4-major/bin/../lib/gcc/arm-none-eabi/10.2.1/../../../../arm-none-eabi/lib/thumb/v7-m/nofp/crt0.o
 .data          0x00000000        0x0 c:/program files (x86)/gnu arm embedded toolchain/10 2020-q4-major/bin/../lib/gcc/arm-none-eabi/10.2.1/../../../../arm-none-eabi/lib/thumb/v7-m/nofp/crt0.o
 .bss           0x00000000        0x0 c:/program files (x86)/gnu arm embedded toolchain/10 2020-q4-major/bin/../lib/gcc/arm-none-eabi/10.2.1/../../../../arm-none-eabi/lib/thumb/v7-m/nofp/crt0.o
 .ARM.extab     0x00000000        0x0 c:/program files (x86)/gnu arm embedded toolchain/10 2020-q4-major/bin/../lib/gcc/arm-none-eabi/10.2.1/../../../../arm-none-eabi/lib/thumb/v7-m/nofp/crt0.o
 .ARM.exidx     0x00000000       0x10 c:/program files (x86)/gnu arm embedded toolchain/10 2020-q4-major/bin/../lib/gcc/arm-none-eabi/10.2.1/../../../../arm-none-eabi/lib/thumb/v7-m/nofp/crt0.o
 .ARM.attributes
                0x00000000       0x1b c:/program files (x86)/gnu arm embedded toolchain/10 2020-q4-major/bin/../lib/gcc/arm-none-eabi/10.2.1/../../../../arm-none-eabi/lib/thumb/v7-m/nofp/crt0.o
 .text          0x00000000        0x0 build/main.o
 .data          0x00000000        0x0 build/main.o
 .bss           0x00000000        0x0 build/main.o
 .text.Error_Handler
                0x00000000        0x4 build/main.o
 .text          0x00000000        0x0 build/stm32f1xx_it.o
 .data          0x00000000        0x0 build/stm32f1xx_it.o
 .bss           0x00000000        0x0 build/stm32f1xx_it.o
 .text          0x00000000        0x0 build/ctrl.o
 .data          0x00000000        0x0 build/ctrl.o
 .bss           0x00000000        0x0 build/ctrl.o
 .text.ctrl_refresh
                0x00000000       0x40 build/ctrl.o
 .text.ctrl_decode
                0x00000000       0x8c build/ctrl.o
 .bss.NRF_buffer
                0x00000000        0xc build/ctrl.o
 .bss.ctrlSta   0x00000000        0x4 build/ctrl.o
 .bss.ctrl_cmd  0x00000000        0x1 build/ctrl.o
 .bss.lastBagNo.0
                0x00000000        0x4 build/ctrl.o
 .data.pwm_left
                0x00000000        0x2 build/ctrl.o
 .data.pwm_right
                0x00000000        0x2 build/ctrl.o
 .data.servo_left
                0x00000000        0x2 build/ctrl.o
 .data.servo_right
                0x00000000        0x2 build/ctrl.o
 .rodata.CTRL_MAX
                0x00000000        0x4 build/ctrl.o
 .text          0x00000000        0x0 build/nrf24l01.o
 .data          0x00000000        0x0 build/nrf24l01.o
 .bss           0x00000000        0x0 build/nrf24l01.o
 .text.nrfGetData
                0x00000000       0x84 build/nrf24l01.o
 .text.nrfGetSigOK
                0x00000000        0xc build/nrf24l01.o
 .rodata.NRF24_FLUSH_RX
                0x00000000        0x1 build/nrf24l01.o
 .rodata.NRF24_FLUSH_TX
                0x00000000        0x1 build/nrf24l01.o
 .rodata.NRF24_NOP
                0x00000000        0x1 build/nrf24l01.o
 .rodata.NRF24_REG_CONFIG
                0x00000000        0x1 build/nrf24l01.o
 .rodata.NRF24_REG_DYNPD
                0x00000000        0x1 build/nrf24l01.o
 .rodata.NRF24_REG_EN_AA
                0x00000000        0x1 build/nrf24l01.o
 .rodata.NRF24_REG_EN_RXADDR
                0x00000000        0x1 build/nrf24l01.o
 .rodata.NRF24_REG_FEATURE
                0x00000000        0x1 build/nrf24l01.o
 .rodata.NRF24_REG_FIFO_STATUS
                0x00000000        0x1 build/nrf24l01.o
 .rodata.NRF24_REG_OBSERVE_TX
                0x00000000        0x1 build/nrf24l01.o
 .rodata.NRF24_REG_RF_CH
                0x00000000        0x1 build/nrf24l01.o
 .rodata.NRF24_REG_RF_SETUP
                0x00000000        0x1 build/nrf24l01.o
 .rodata.NRF24_REG_RSSI
                0x00000000        0x1 build/nrf24l01.o
 .rodata.NRF24_REG_RX_ADDR_P0
                0x00000000        0x1 build/nrf24l01.o
 .rodata.NRF24_REG_RX_ADDR_P1
                0x00000000        0x1 build/nrf24l01.o
 .rodata.NRF24_REG_RX_ADDR_P2
                0x00000000        0x1 build/nrf24l01.o
 .rodata.NRF24_REG_RX_ADDR_P3
                0x00000000        0x1 build/nrf24l01.o
 .rodata.NRF24_REG_RX_ADDR_P4
                0x00000000        0x1 build/nrf24l01.o
 .rodata.NRF24_REG_RX_ADDR_P5
                0x00000000        0x1 build/nrf24l01.o
 .rodata.NRF24_REG_RX_PW_P0
                0x00000000        0x1 build/nrf24l01.o
 .rodata.NRF24_REG_RX_PW_P1
                0x00000000        0x1 build/nrf24l01.o
 .rodata.NRF24_REG_RX_PW_P2
                0x00000000        0x1 build/nrf24l01.o
 .rodata.NRF24_REG_RX_PW_P3
                0x00000000        0x1 build/nrf24l01.o
 .rodata.NRF24_REG_RX_PW_P4
                0x00000000        0x1 build/nrf24l01.o
 .rodata.NRF24_REG_RX_PW_P5
                0x00000000        0x1 build/nrf24l01.o
 .rodata.NRF24_REG_SETUP_AW
                0x00000000        0x1 build/nrf24l01.o
 .rodata.NRF24_REG_SETUP_RETR
                0x00000000        0x1 build/nrf24l01.o
 .rodata.NRF24_REG_STATUS
                0x00000000        0x1 build/nrf24l01.o
 .rodata.NRF24_REG_TX_ADDR
                0x00000000        0x1 build/nrf24l01.o
 .rodata.NRF24_REUSE_TX_PL
                0x00000000        0x1 build/nrf24l01.o
 .rodata.NRF24_R_REG
                0x00000000        0x1 build/nrf24l01.o
 .rodata.NRF24_R_RX_PAYLOAD
                0x00000000        0x1 build/nrf24l01.o
 .rodata.NRF24_R_RX_PL_WID
                0x00000000        0x1 build/nrf24l01.o
 .rodata.NRF24_W_ACK_PAYLOAD
                0x00000000        0x1 build/nrf24l01.o
 .rodata.NRF24_W_REG
                0x00000000        0x1 build/nrf24l01.o
 .rodata.NRF24_W_TX_PAYLOAD
                0x00000000        0x1 build/nrf24l01.o
 .rodata.NRF24_W_TX_PAYLOAD_NOACK
                0x00000000        0x1 build/nrf24l01.o
 .text          0x00000000        0x0 build/oled.o
 .data          0x00000000        0x0 build/oled.o
 .bss           0x00000000        0x0 build/oled.o
 .text.oledDelayUs
                0x00000000        0x2 build/oled.o
 .text.OLED_Display_On
                0x00000000       0x1c build/oled.o
 .text.OLED_Display_Off
                0x00000000       0x1c build/oled.o
 .text.OLED_On  0x00000000       0x40 build/oled.o
 .text          0x00000000        0x0 build/syscalls.o
 .data          0x00000000        0x0 build/syscalls.o
 .bss           0x00000000        0x0 build/syscalls.o
 .text.initialise_monitor_handles
                0x00000000        0x2 build/syscalls.o
 .text._getpid  0x00000000        0x4 build/syscalls.o
 .text._kill    0x00000000       0x10 build/syscalls.o
 .text._exit    0x00000000        0xc build/syscalls.o
 .text._read    0x00000000        0x4 build/syscalls.o
 .text._write   0x00000000       0x46 build/syscalls.o
 .text._close   0x00000000        0x6 build/syscalls.o
 .text._fstat   0x00000000        0xa build/syscalls.o
 .text._isatty  0x00000000        0x4 build/syscalls.o
 .text._lseek   0x00000000        0x4 build/syscalls.o
 .text._open    0x00000000        0xa build/syscalls.o
 .text._wait    0x00000000       0x10 build/syscalls.o
 .text._unlink  0x00000000       0x10 build/syscalls.o
 .text._times   0x00000000        0x6 build/syscalls.o
 .text._stat    0x00000000        0xa build/syscalls.o
 .text._link    0x00000000       0x10 build/syscalls.o
 .text._fork    0x00000000       0x10 build/syscalls.o
 .text._execve  0x00000000       0x10 build/syscalls.o
 .bss.__env     0x00000000        0x4 build/syscalls.o
 .data.environ  0x00000000        0x4 build/syscalls.o
 .debug_info    0x00000000      0xb85 build/syscalls.o
 .debug_abbrev  0x00000000      0x28e build/syscalls.o
 .debug_loc     0x00000000      0x46d build/syscalls.o
 .debug_aranges
                0x00000000       0xa8 build/syscalls.o
 .debug_ranges  0x00000000       0xb0 build/syscalls.o
 .debug_line    0x00000000      0x484 build/syscalls.o
 .debug_str     0x00000000      0x4bc build/syscalls.o
 .comment       0x00000000       0x4e build/syscalls.o
 .debug_frame   0x00000000      0x178 build/syscalls.o
 .ARM.attributes
                0x00000000       0x2d build/syscalls.o
 .text          0x00000000        0x0 build/sysmem.o
 .data          0x00000000        0x0 build/sysmem.o
 .bss           0x00000000        0x0 build/sysmem.o
 .text._sbrk    0x00000000       0x48 build/sysmem.o
 .bss.__sbrk_heap_end
                0x00000000        0x4 build/sysmem.o
 .debug_info    0x00000000      0x185 build/sysmem.o
 .debug_abbrev  0x00000000       0xea build/sysmem.o
 .debug_loc     0x00000000       0x84 build/sysmem.o
 .debug_aranges
                0x00000000       0x20 build/sysmem.o
 .debug_ranges  0x00000000       0x10 build/sysmem.o
 .debug_line    0x00000000      0x1f2 build/sysmem.o
 .debug_str     0x00000000      0x1db build/sysmem.o
 .comment       0x00000000       0x4e build/sysmem.o
 .debug_frame   0x00000000       0x28 build/sysmem.o
 .ARM.attributes
                0x00000000       0x2d build/sysmem.o
 .text          0x00000000        0x0 build/stm32f1xx_ll_gpio.o
 .data          0x00000000        0x0 build/stm32f1xx_ll_gpio.o
 .bss           0x00000000        0x0 build/stm32f1xx_ll_gpio.o
 .text.LL_GPIO_DeInit
                0x00000000       0xb0 build/stm32f1xx_ll_gpio.o
 .text.LL_GPIO_StructInit
                0x00000000       0x16 build/stm32f1xx_ll_gpio.o
 .text          0x00000000        0x0 build/stm32f1xx_ll_adc.o
 .data          0x00000000        0x0 build/stm32f1xx_ll_adc.o
 .bss           0x00000000        0x0 build/stm32f1xx_ll_adc.o
 .text.LL_ADC_CommonDeInit
                0x00000000       0x1c build/stm32f1xx_ll_adc.o
 .text.LL_ADC_CommonStructInit
                0x00000000        0x6 build/stm32f1xx_ll_adc.o
 .text.LL_ADC_DeInit
                0x00000000       0xc4 build/stm32f1xx_ll_adc.o
 .text.LL_ADC_StructInit
                0x00000000        0xc build/stm32f1xx_ll_adc.o
 .text.LL_ADC_REG_StructInit
                0x00000000       0x12 build/stm32f1xx_ll_adc.o
 .text.LL_ADC_INJ_Init
                0x00000000       0x4e build/stm32f1xx_ll_adc.o
 .text.LL_ADC_INJ_StructInit
                0x00000000       0x10 build/stm32f1xx_ll_adc.o
 .text          0x00000000        0x0 build/stm32f1xx_ll_dma.o
 .data          0x00000000        0x0 build/stm32f1xx_ll_dma.o
 .bss           0x00000000        0x0 build/stm32f1xx_ll_dma.o
 .text.LL_DMA_DeInit
                0x00000000       0xf0 build/stm32f1xx_ll_dma.o
 .text.LL_DMA_Init
                0x00000000       0x60 build/stm32f1xx_ll_dma.o
 .text.LL_DMA_StructInit
                0x00000000       0x18 build/stm32f1xx_ll_dma.o
 .rodata.CHANNEL_OFFSET_TAB
                0x00000000        0x7 build/stm32f1xx_ll_dma.o
 .debug_info    0x00000000      0x6cd build/stm32f1xx_ll_dma.o
 .debug_abbrev  0x00000000      0x256 build/stm32f1xx_ll_dma.o
 .debug_loc     0x00000000      0x4a2 build/stm32f1xx_ll_dma.o
 .debug_aranges
                0x00000000       0x30 build/stm32f1xx_ll_dma.o
 .debug_ranges  0x00000000       0xc8 build/stm32f1xx_ll_dma.o
 .debug_line    0x00000000      0x493 build/stm32f1xx_ll_dma.o
 .debug_str     0x00000000      0x400 build/stm32f1xx_ll_dma.o
 .comment       0x00000000       0x4e build/stm32f1xx_ll_dma.o
 .debug_frame   0x00000000       0x48 build/stm32f1xx_ll_dma.o
 .ARM.attributes
                0x00000000       0x2d build/stm32f1xx_ll_dma.o
 .text          0x00000000        0x0 build/stm32f1xx_ll_rcc.o
 .data          0x00000000        0x0 build/stm32f1xx_ll_rcc.o
 .bss           0x00000000        0x0 build/stm32f1xx_ll_rcc.o
 .text.LL_RCC_DeInit
                0x00000000       0x68 build/stm32f1xx_ll_rcc.o
 .text.LL_RCC_GetUSBClockFreq
                0x00000000       0x3c build/stm32f1xx_ll_rcc.o
 .text.LL_RCC_GetADCClockFreq
                0x00000000       0x30 build/stm32f1xx_ll_rcc.o
 .text          0x00000000        0x0 build/stm32f1xx_ll_utils.o
 .data          0x00000000        0x0 build/stm32f1xx_ll_utils.o
 .bss           0x00000000        0x0 build/stm32f1xx_ll_utils.o
 .text.UTILS_GetPLLOutputFrequency
                0x00000000       0x16 build/stm32f1xx_ll_utils.o
 .text.UTILS_PLL_IsBusy
                0x00000000       0x18 build/stm32f1xx_ll_utils.o
 .text.UTILS_PLL_HSE_ConfigSystemClock
                0x00000000       0x54 build/stm32f1xx_ll_utils.o
 .text.LL_SetFlashLatency
                0x00000000       0x54 build/stm32f1xx_ll_utils.o
 .text.UTILS_EnablePLLAndSwitchSystem
                0x00000000       0xb4 build/stm32f1xx_ll_utils.o
 .text.LL_PLL_ConfigSystemClock_HSI
                0x00000000       0x5c build/stm32f1xx_ll_utils.o
 .text.LL_PLL_ConfigSystemClock_HSE
                0x00000000       0x50 build/stm32f1xx_ll_utils.o
 .text          0x00000000        0x0 build/stm32f1xx_ll_exti.o
 .data          0x00000000        0x0 build/stm32f1xx_ll_exti.o
 .bss           0x00000000        0x0 build/stm32f1xx_ll_exti.o
 .text.LL_EXTI_DeInit
                0x00000000       0x1c build/stm32f1xx_ll_exti.o
 .text.LL_EXTI_StructInit
                0x00000000        0xe build/stm32f1xx_ll_exti.o
 .text          0x00000000        0x0 build/stm32f1xx_ll_spi.o
 .data          0x00000000        0x0 build/stm32f1xx_ll_spi.o
 .bss           0x00000000        0x0 build/stm32f1xx_ll_spi.o
 .text.LL_SPI_DeInit
                0x00000000       0x4c build/stm32f1xx_ll_spi.o
 .text.LL_SPI_StructInit
                0x00000000       0x1a build/stm32f1xx_ll_spi.o
 .text          0x00000000        0x0 build/stm32f1xx_ll_pwr.o
 .data          0x00000000        0x0 build/stm32f1xx_ll_pwr.o
 .bss           0x00000000        0x0 build/stm32f1xx_ll_pwr.o
 .text.LL_PWR_DeInit
                0x00000000       0x1c build/stm32f1xx_ll_pwr.o
 .debug_info    0x00000000      0x20a build/stm32f1xx_ll_pwr.o
 .debug_abbrev  0x00000000      0x129 build/stm32f1xx_ll_pwr.o
 .debug_loc     0x00000000       0x30 build/stm32f1xx_ll_pwr.o
 .debug_aranges
                0x00000000       0x20 build/stm32f1xx_ll_pwr.o
 .debug_ranges  0x00000000       0x10 build/stm32f1xx_ll_pwr.o
 .debug_line    0x00000000      0x1f4 build/stm32f1xx_ll_pwr.o
 .debug_str     0x00000000      0x20e build/stm32f1xx_ll_pwr.o
 .comment       0x00000000       0x4e build/stm32f1xx_ll_pwr.o
 .debug_frame   0x00000000       0x20 build/stm32f1xx_ll_pwr.o
 .ARM.attributes
                0x00000000       0x2d build/stm32f1xx_ll_pwr.o
 .text          0x00000000        0x0 build/stm32f1xx_ll_tim.o
 .data          0x00000000        0x0 build/stm32f1xx_ll_tim.o
 .bss           0x00000000        0x0 build/stm32f1xx_ll_tim.o
 .text.IC1Config
                0x00000000       0x36 build/stm32f1xx_ll_tim.o
 .text.IC2Config
                0x00000000       0x38 build/stm32f1xx_ll_tim.o
 .text.IC3Config
                0x00000000       0x38 build/stm32f1xx_ll_tim.o
 .text.IC4Config
                0x00000000       0x38 build/stm32f1xx_ll_tim.o
 .text.LL_TIM_DeInit
                0x00000000       0x8c build/stm32f1xx_ll_tim.o
 .text.LL_TIM_StructInit
                0x00000000       0x12 build/stm32f1xx_ll_tim.o
 .text.LL_TIM_OC_StructInit
                0x00000000       0x14 build/stm32f1xx_ll_tim.o
 .text.LL_TIM_IC_StructInit
                0x00000000       0x10 build/stm32f1xx_ll_tim.o
 .text.LL_TIM_IC_Init
                0x00000000       0x3c build/stm32f1xx_ll_tim.o
 .text.LL_TIM_ENCODER_StructInit
                0x00000000       0x1c build/stm32f1xx_ll_tim.o
 .text.LL_TIM_ENCODER_Init
                0x00000000       0x5e build/stm32f1xx_ll_tim.o
 .text.LL_TIM_HALLSENSOR_StructInit
                0x00000000        0xc build/stm32f1xx_ll_tim.o
 .text.LL_TIM_HALLSENSOR_Init
                0x00000000       0x5c build/stm32f1xx_ll_tim.o
 .text.LL_TIM_BDTR_StructInit
                0x00000000       0x12 build/stm32f1xx_ll_tim.o
 .text          0x00000000        0x0 build/stm32f1xx_ll_usart.o
 .data          0x00000000        0x0 build/stm32f1xx_ll_usart.o
 .bss           0x00000000        0x0 build/stm32f1xx_ll_usart.o
 .text.LL_USART_DeInit
                0x00000000       0x6c build/stm32f1xx_ll_usart.o
 .text.LL_USART_StructInit
                0x00000000       0x16 build/stm32f1xx_ll_usart.o
 .text.LL_USART_ClockInit
                0x00000000       0x3c build/stm32f1xx_ll_usart.o
 .text.LL_USART_ClockStructInit
                0x00000000        0xc build/stm32f1xx_ll_usart.o
 .text          0x00000000        0x0 build/system_stm32f1xx.o
 .data          0x00000000        0x0 build/system_stm32f1xx.o
 .bss           0x00000000        0x0 build/system_stm32f1xx.o
 .text.SystemCoreClockUpdate
                0x00000000       0x94 build/system_stm32f1xx.o
 .text          0x00000000       0x14 build/startup_stm32f103xb.o
 .data          0x00000000        0x0 build/startup_stm32f103xb.o
 .bss           0x00000000        0x0 build/startup_stm32f103xb.o
 .text          0x00000000        0x0 c:/program files (x86)/gnu arm embedded toolchain/10 2020-q4-major/bin/../lib/gcc/arm-none-eabi/10.2.1/../../../../arm-none-eabi/lib/thumb/v7-m/nofp\libc_nano.a(lib_a-errno.o)
 .data          0x00000000        0x0 c:/program files (x86)/gnu arm embedded toolchain/10 2020-q4-major/bin/../lib/gcc/arm-none-eabi/10.2.1/../../../../arm-none-eabi/lib/thumb/v7-m/nofp\libc_nano.a(lib_a-errno.o)
 .bss           0x00000000        0x0 c:/program files (x86)/gnu arm embedded toolchain/10 2020-q4-major/bin/../lib/gcc/arm-none-eabi/10.2.1/../../../../arm-none-eabi/lib/thumb/v7-m/nofp\libc_nano.a(lib_a-errno.o)
 .text.__errno  0x00000000        0xc c:/program files (x86)/gnu arm embedded toolchain/10 2020-q4-major/bin/../lib/gcc/arm-none-eabi/10.2.1/../../../../arm-none-eabi/lib/thumb/v7-m/nofp\libc_nano.a(lib_a-errno.o)
 .debug_frame   0x00000000       0x20 c:/program files (x86)/gnu arm embedded toolchain/10 2020-q4-major/bin/../lib/gcc/arm-none-eabi/10.2.1/../../../../arm-none-eabi/lib/thumb/v7-m/nofp\libc_nano.a(lib_a-errno.o)
 .ARM.attributes
                0x00000000       0x2d c:/program files (x86)/gnu arm embedded toolchain/10 2020-q4-major/bin/../lib/gcc/arm-none-eabi/10.2.1/../../../../arm-none-eabi/lib/thumb/v7-m/nofp\libc_nano.a(lib_a-errno.o)
 .text          0x00000000        0x0 c:/program files (x86)/gnu arm embedded toolchain/10 2020-q4-major/bin/../lib/gcc/arm-none-eabi/10.2.1/../../../../arm-none-eabi/lib/thumb/v7-m/nofp\libc_nano.a(lib_a-exit.o)
 .data          0x00000000        0x0 c:/program files (x86)/gnu arm embedded toolchain/10 2020-q4-major/bin/../lib/gcc/arm-none-eabi/10.2.1/../../../../arm-none-eabi/lib/thumb/v7-m/nofp\libc_nano.a(lib_a-exit.o)
 .bss           0x00000000        0x0 c:/program files (x86)/gnu arm embedded toolchain/10 2020-q4-major/bin/../lib/gcc/arm-none-eabi/10.2.1/../../../../arm-none-eabi/lib/thumb/v7-m/nofp\libc_nano.a(lib_a-exit.o)
 .text.exit     0x00000000       0x28 c:/program files (x86)/gnu arm embedded toolchain/10 2020-q4-major/bin/../lib/gcc/arm-none-eabi/10.2.1/../../../../arm-none-eabi/lib/thumb/v7-m/nofp\libc_nano.a(lib_a-exit.o)
 .debug_frame   0x00000000       0x28 c:/program files (x86)/gnu arm embedded toolchain/10 2020-q4-major/bin/../lib/gcc/arm-none-eabi/10.2.1/../../../../arm-none-eabi/lib/thumb/v7-m/nofp\libc_nano.a(lib_a-exit.o)
 .ARM.attributes
                0x00000000       0x2d c:/program files (x86)/gnu arm embedded toolchain/10 2020-q4-major/bin/../lib/gcc/arm-none-eabi/10.2.1/../../../../arm-none-eabi/lib/thumb/v7-m/nofp\libc_nano.a(lib_a-exit.o)
 .text          0x00000000        0x0 c:/program files (x86)/gnu arm embedded toolchain/10 2020-q4-major/bin/../lib/gcc/arm-none-eabi/10.2.1/../../../../arm-none-eabi/lib/thumb/v7-m/nofp\libc_nano.a(lib_a-impure.o)
 .data          0x00000000        0x0 c:/program files (x86)/gnu arm embedded toolchain/10 2020-q4-major/bin/../lib/gcc/arm-none-eabi/10.2.1/../../../../arm-none-eabi/lib/thumb/v7-m/nofp\libc_nano.a(lib_a-impure.o)
 .bss           0x00000000        0x0 c:/program files (x86)/gnu arm embedded toolchain/10 2020-q4-major/bin/../lib/gcc/arm-none-eabi/10.2.1/../../../../arm-none-eabi/lib/thumb/v7-m/nofp\libc_nano.a(lib_a-impure.o)
 .data._impure_ptr
                0x00000000        0x4 c:/program files (x86)/gnu arm embedded toolchain/10 2020-q4-major/bin/../lib/gcc/arm-none-eabi/10.2.1/../../../../arm-none-eabi/lib/thumb/v7-m/nofp\libc_nano.a(lib_a-impure.o)
 .data.impure_data
                0x00000000       0x60 c:/program files (x86)/gnu arm embedded toolchain/10 2020-q4-major/bin/../lib/gcc/arm-none-eabi/10.2.1/../../../../arm-none-eabi/lib/thumb/v7-m/nofp\libc_nano.a(lib_a-impure.o)
 .rodata._global_impure_ptr
                0x00000000        0x4 c:/program files (x86)/gnu arm embedded toolchain/10 2020-q4-major/bin/../lib/gcc/arm-none-eabi/10.2.1/../../../../arm-none-eabi/lib/thumb/v7-m/nofp\libc_nano.a(lib_a-impure.o)
 .ARM.attributes
                0x00000000       0x2d c:/program files (x86)/gnu arm embedded toolchain/10 2020-q4-major/bin/../lib/gcc/arm-none-eabi/10.2.1/../../../../arm-none-eabi/lib/thumb/v7-m/nofp\libc_nano.a(lib_a-impure.o)
 .text          0x00000000        0x0 c:/program files (x86)/gnu arm embedded toolchain/10 2020-q4-major/bin/../lib/gcc/arm-none-eabi/10.2.1/../../../../arm-none-eabi/lib/thumb/v7-m/nofp\libc_nano.a(lib_a-init.o)
 .data          0x00000000        0x0 c:/program files (x86)/gnu arm embedded toolchain/10 2020-q4-major/bin/../lib/gcc/arm-none-eabi/10.2.1/../../../../arm-none-eabi/lib/thumb/v7-m/nofp\libc_nano.a(lib_a-init.o)
 .bss           0x00000000        0x0 c:/program files (x86)/gnu arm embedded toolchain/10 2020-q4-major/bin/../lib/gcc/arm-none-eabi/10.2.1/../../../../arm-none-eabi/lib/thumb/v7-m/nofp\libc_nano.a(lib_a-init.o)
 .text          0x00000000        0x0 c:/program files (x86)/gnu arm embedded toolchain/10 2020-q4-major/bin/../lib/gcc/arm-none-eabi/10.2.1/../../../../arm-none-eabi/lib/thumb/v7-m/nofp\libc_nano.a(lib_a-memset.o)
 .data          0x00000000        0x0 c:/program files (x86)/gnu arm embedded toolchain/10 2020-q4-major/bin/../lib/gcc/arm-none-eabi/10.2.1/../../../../arm-none-eabi/lib/thumb/v7-m/nofp\libc_nano.a(lib_a-memset.o)
 .bss           0x00000000        0x0 c:/program files (x86)/gnu arm embedded toolchain/10 2020-q4-major/bin/../lib/gcc/arm-none-eabi/10.2.1/../../../../arm-none-eabi/lib/thumb/v7-m/nofp\libc_nano.a(lib_a-memset.o)
 .text          0x00000000        0x0 c:/program files (x86)/gnu arm embedded toolchain/10 2020-q4-major/bin/../lib/gcc/arm-none-eabi/10.2.1/thumb/v7-m/nofp/crtend.o
 .data          0x00000000        0x0 c:/program files (x86)/gnu arm embedded toolchain/10 2020-q4-major/bin/../lib/gcc/arm-none-eabi/10.2.1/thumb/v7-m/nofp/crtend.o
 .bss           0x00000000        0x0 c:/program files (x86)/gnu arm embedded toolchain/10 2020-q4-major/bin/../lib/gcc/arm-none-eabi/10.2.1/thumb/v7-m/nofp/crtend.o
 .rodata        0x00000000       0x24 c:/program files (x86)/gnu arm embedded toolchain/10 2020-q4-major/bin/../lib/gcc/arm-none-eabi/10.2.1/thumb/v7-m/nofp/crtend.o
 .eh_frame      0x00000000        0x4 c:/program files (x86)/gnu arm embedded toolchain/10 2020-q4-major/bin/../lib/gcc/arm-none-eabi/10.2.1/thumb/v7-m/nofp/crtend.o
 .ARM.attributes
                0x00000000       0x2d c:/program files (x86)/gnu arm embedded toolchain/10 2020-q4-major/bin/../lib/gcc/arm-none-eabi/10.2.1/thumb/v7-m/nofp/crtend.o
 .text          0x00000000        0x0 c:/program files (x86)/gnu arm embedded toolchain/10 2020-q4-major/bin/../lib/gcc/arm-none-eabi/10.2.1/thumb/v7-m/nofp/crtn.o
 .data          0x00000000        0x0 c:/program files (x86)/gnu arm embedded toolchain/10 2020-q4-major/bin/../lib/gcc/arm-none-eabi/10.2.1/thumb/v7-m/nofp/crtn.o
 .bss           0x00000000        0x0 c:/program files (x86)/gnu arm embedded toolchain/10 2020-q4-major/bin/../lib/gcc/arm-none-eabi/10.2.1/thumb/v7-m/nofp/crtn.o

Memory Configuration

Name             Origin             Length             Attributes
RAM              0x20000000         0x00005000         xrw
FLASH            0x08000000         0x00010000         xr
*default*        0x00000000         0xffffffff

Linker script and memory map

LOAD c:/program files (x86)/gnu arm embedded toolchain/10 2020-q4-major/bin/../lib/gcc/arm-none-eabi/10.2.1/thumb/v7-m/nofp/crti.o
LOAD c:/program files (x86)/gnu arm embedded toolchain/10 2020-q4-major/bin/../lib/gcc/arm-none-eabi/10.2.1/thumb/v7-m/nofp/crtbegin.o
LOAD c:/program files (x86)/gnu arm embedded toolchain/10 2020-q4-major/bin/../lib/gcc/arm-none-eabi/10.2.1/../../../../arm-none-eabi/lib/thumb/v7-m/nofp/crt0.o
LOAD build/main.o
LOAD build/stm32f1xx_it.o
LOAD build/ctrl.o
LOAD build/nrf24l01.o
LOAD build/oled.o
LOAD build/syscalls.o
LOAD build/sysmem.o
LOAD build/stm32f1xx_ll_gpio.o
LOAD build/stm32f1xx_ll_adc.o
LOAD build/stm32f1xx_ll_dma.o
LOAD build/stm32f1xx_ll_rcc.o
LOAD build/stm32f1xx_ll_utils.o
LOAD build/stm32f1xx_ll_exti.o
LOAD build/stm32f1xx_ll_spi.o
LOAD build/stm32f1xx_ll_pwr.o
LOAD build/stm32f1xx_ll_tim.o
LOAD build/stm32f1xx_ll_usart.o
LOAD build/system_stm32f1xx.o
LOAD build/startup_stm32f103xb.o
LOAD c:/program files (x86)/gnu arm embedded toolchain/10 2020-q4-major/bin/../lib/gcc/arm-none-eabi/10.2.1/../../../../arm-none-eabi/lib/thumb/v7-m/nofp\libc_nano.a
LOAD c:/program files (x86)/gnu arm embedded toolchain/10 2020-q4-major/bin/../lib/gcc/arm-none-eabi/10.2.1/../../../../arm-none-eabi/lib/thumb/v7-m/nofp\libm.a
LOAD c:/program files (x86)/gnu arm embedded toolchain/10 2020-q4-major/bin/../lib/gcc/arm-none-eabi/10.2.1/../../../../arm-none-eabi/lib/thumb/v7-m/nofp\libnosys.a
START GROUP
LOAD c:/program files (x86)/gnu arm embedded toolchain/10 2020-q4-major/bin/../lib/gcc/arm-none-eabi/10.2.1/thumb/v7-m/nofp\libgcc.a
LOAD c:/program files (x86)/gnu arm embedded toolchain/10 2020-q4-major/bin/../lib/gcc/arm-none-eabi/10.2.1/../../../../arm-none-eabi/lib/thumb/v7-m/nofp\libc_nano.a
END GROUP
START GROUP
LOAD c:/program files (x86)/gnu arm embedded toolchain/10 2020-q4-major/bin/../lib/gcc/arm-none-eabi/10.2.1/thumb/v7-m/nofp\libgcc.a
LOAD c:/program files (x86)/gnu arm embedded toolchain/10 2020-q4-major/bin/../lib/gcc/arm-none-eabi/10.2.1/../../../../arm-none-eabi/lib/thumb/v7-m/nofp\libc_nano.a
END GROUP
LOAD c:/program files (x86)/gnu arm embedded toolchain/10 2020-q4-major/bin/../lib/gcc/arm-none-eabi/10.2.1/thumb/v7-m/nofp/crtend.o
LOAD c:/program files (x86)/gnu arm embedded toolchain/10 2020-q4-major/bin/../lib/gcc/arm-none-eabi/10.2.1/thumb/v7-m/nofp/crtn.o
                0x20005000                _estack = 0x20005000
                0x00000200                _Min_Heap_Size = 0x200
                0x00000400                _Min_Stack_Size = 0x400

.isr_vector     0x08000000      0x10c
                0x08000000                . = ALIGN (0x4)
 *(.isr_vector)
 .isr_vector    0x08000000      0x10c build/startup_stm32f103xb.o
                0x08000000                g_pfnVectors
                0x0800010c                . = ALIGN (0x4)

.text           0x0800010c     0x1694
                0x0800010c                . = ALIGN (0x4)
 *(.text)
 .text          0x0800010c       0x40 c:/program files (x86)/gnu arm embedded toolchain/10 2020-q4-major/bin/../lib/gcc/arm-none-eabi/10.2.1/thumb/v7-m/nofp/crtbegin.o
 *(.text*)
 .text.LL_TIM_OC_DisableFast
                0x0800014c       0x60 build/main.o
 .text.LL_GPIO_SetPinMode
                0x080001ac       0x36 build/main.o
 *fill*         0x080001e2        0x2 
 .text.MX_GPIO_Init
                0x080001e4      0x200 build/main.o
 .text.MX_ADC1_Init
                0x080003e4       0xe4 build/main.o
 .text.MX_SPI1_Init
                0x080004c8       0xa4 build/main.o
 .text.MX_TIM3_Init
                0x0800056c       0x6c build/main.o
 .text.MX_TIM4_Init
                0x080005d8      0x148 build/main.o
 .text.MX_TIM1_Init
                0x08000720      0x158 build/main.o
 .text.MX_USART3_UART_Init
                0x08000878       0xb8 build/main.o
 .text.SystemClock_Config
                0x08000930       0xb0 build/main.o
                0x08000930                SystemClock_Config
 .text.main     0x080009e0       0xd4 build/main.o
                0x080009e0                main
 .text.NMI_Handler
                0x08000ab4        0x2 build/stm32f1xx_it.o
                0x08000ab4                NMI_Handler
 .text.HardFault_Handler
                0x08000ab6        0x2 build/stm32f1xx_it.o
                0x08000ab6                HardFault_Handler
 .text.MemManage_Handler
                0x08000ab8        0x2 build/stm32f1xx_it.o
                0x08000ab8                MemManage_Handler
 .text.BusFault_Handler
                0x08000aba        0x2 build/stm32f1xx_it.o
                0x08000aba                BusFault_Handler
 .text.UsageFault_Handler
                0x08000abc        0x2 build/stm32f1xx_it.o
                0x08000abc                UsageFault_Handler
 .text.SVC_Handler
                0x08000abe        0x2 build/stm32f1xx_it.o
                0x08000abe                SVC_Handler
 .text.DebugMon_Handler
                0x08000ac0        0x2 build/stm32f1xx_it.o
                0x08000ac0                DebugMon_Handler
 .text.PendSV_Handler
                0x08000ac2        0x2 build/stm32f1xx_it.o
                0x08000ac2                PendSV_Handler
 .text.SysTick_Handler
                0x08000ac4        0xc build/stm32f1xx_it.o
                0x08000ac4                SysTick_Handler
 .text.ctrl_init
                0x08000ad0       0x30 build/ctrl.o
                0x08000ad0                ctrl_init
 .text.nrfDelayUs
                0x08000b00       0x1c build/nrf24l01.o
                0x08000b00                nrfDelayUs
 .text.nrfRegAccess
                0x08000b1c       0x5c build/nrf24l01.o
                0x08000b1c                nrfRegAccess
 .text.nrfInitRecieve
                0x08000b78       0xe0 build/nrf24l01.o
                0x08000b78                nrfInitRecieve
 .text.OLED_SCLK_Clr
                0x08000c58        0xc build/oled.o
                0x08000c58                OLED_SCLK_Clr
 .text.OLED_SCLK_Set
                0x08000c64        0xc build/oled.o
                0x08000c64                OLED_SCLK_Set
 .text.OLED_SDIN_Clr
                0x08000c70        0xc build/oled.o
                0x08000c70                OLED_SDIN_Clr
 .text.OLED_SDIN_Set
                0x08000c7c        0xc build/oled.o
                0x08000c7c                OLED_SDIN_Set
 .text.IIC_Start
                0x08000c88       0x14 build/oled.o
                0x08000c88                IIC_Start
 .text.IIC_Stop
                0x08000c9c       0x10 build/oled.o
                0x08000c9c                IIC_Stop
 .text.IIC_Wait_Ack
                0x08000cac        0xc build/oled.o
                0x08000cac                IIC_Wait_Ack
 .text.Write_IIC_Byte
                0x08000cb8       0x32 build/oled.o
                0x08000cb8                Write_IIC_Byte
 .text.Write_IIC_Command
                0x08000cea       0x2c build/oled.o
                0x08000cea                Write_IIC_Command
 .text.Write_IIC_Data
                0x08000d16       0x2c build/oled.o
                0x08000d16                Write_IIC_Data
 .text.OLED_WR_Byte
                0x08000d42       0x14 build/oled.o
                0x08000d42                OLED_WR_Byte
 .text.OLED_Set_Pos
                0x08000d56       0x26 build/oled.o
                0x08000d56                OLED_Set_Pos
 .text.OLED_Clear
                0x08000d7c       0x42 build/oled.o
                0x08000d7c                OLED_Clear
 *fill*         0x08000dbe        0x2 
 .text.OLED_ShowChar
                0x08000dc0       0x98 build/oled.o
                0x08000dc0                OLED_ShowChar
 .text.OLED_Init
                0x08000e58       0xdc build/oled.o
                0x08000e58                OLED_Init
 .text.OLED_ShowString
                0x08000f34       0x34 build/oled.o
                0x08000f34                OLED_ShowString
 .text.LL_GPIO_Init
                0x08000f68      0x116 build/stm32f1xx_ll_gpio.o
                0x08000f68                LL_GPIO_Init
 *fill*         0x0800107e        0x2 
 .text.LL_ADC_CommonInit
                0x08001080       0x38 build/stm32f1xx_ll_adc.o
                0x08001080                LL_ADC_CommonInit
 .text.LL_ADC_Init
                0x080010b8       0x28 build/stm32f1xx_ll_adc.o
                0x080010b8                LL_ADC_Init
 .text.LL_ADC_REG_Init
                0x080010e0       0x56 build/stm32f1xx_ll_adc.o
                0x080010e0                LL_ADC_REG_Init
 *fill*         0x08001136        0x2 
 .text.RCC_GetHCLKClockFreq
                0x08001138       0x18 build/stm32f1xx_ll_rcc.o
                0x08001138                RCC_GetHCLKClockFreq
 .text.RCC_GetPCLK1ClockFreq
                0x08001150       0x18 build/stm32f1xx_ll_rcc.o
                0x08001150                RCC_GetPCLK1ClockFreq
 .text.RCC_GetPCLK2ClockFreq
                0x08001168       0x18 build/stm32f1xx_ll_rcc.o
                0x08001168                RCC_GetPCLK2ClockFreq
 .text.RCC_PLL_GetFreqDomain_SYS
                0x08001180       0x3c build/stm32f1xx_ll_rcc.o
                0x08001180                RCC_PLL_GetFreqDomain_SYS
 .text.RCC_GetSystemClockFreq
                0x080011bc       0x20 build/stm32f1xx_ll_rcc.o
                0x080011bc                RCC_GetSystemClockFreq
 .text.LL_RCC_GetSystemClocksFreq
                0x080011dc       0x20 build/stm32f1xx_ll_rcc.o
                0x080011dc                LL_RCC_GetSystemClocksFreq
 .text.LL_Init1msTick
                0x080011fc       0x20 build/stm32f1xx_ll_utils.o
                0x080011fc                LL_Init1msTick
 .text.LL_mDelay
                0x0800121c       0x2a build/stm32f1xx_ll_utils.o
                0x0800121c                LL_mDelay
 *fill*         0x08001246        0x2 
 .text.LL_SetSystemCoreClock
                0x08001248        0xc build/stm32f1xx_ll_utils.o
                0x08001248                LL_SetSystemCoreClock
 .text.LL_EXTI_Init
                0x08001254       0xd4 build/stm32f1xx_ll_exti.o
                0x08001254                LL_EXTI_Init
 .text.LL_SPI_Init
                0x08001328       0x60 build/stm32f1xx_ll_spi.o
                0x08001328                LL_SPI_Init
 .text.OC1Config
                0x08001388       0x6c build/stm32f1xx_ll_tim.o
 .text.OC2Config
                0x080013f4       0x74 build/stm32f1xx_ll_tim.o
 .text.OC3Config
                0x08001468       0x70 build/stm32f1xx_ll_tim.o
 .text.OC4Config
                0x080014d8       0x54 build/stm32f1xx_ll_tim.o
 .text.LL_TIM_Init
                0x0800152c       0x70 build/stm32f1xx_ll_tim.o
                0x0800152c                LL_TIM_Init
 .text.LL_TIM_OC_Init
                0x0800159c       0x3c build/stm32f1xx_ll_tim.o
                0x0800159c                LL_TIM_OC_Init
 .text.LL_TIM_BDTR_Init
                0x080015d8       0x3a build/stm32f1xx_ll_tim.o
                0x080015d8                LL_TIM_BDTR_Init
 *fill*         0x08001612        0x2 
 .text.LL_USART_Init
                0x08001614       0xcc build/stm32f1xx_ll_usart.o
                0x08001614                LL_USART_Init
 .text.SystemInit
                0x080016e0        0x2 build/system_stm32f1xx.o
                0x080016e0                SystemInit
 *fill*         0x080016e2        0x2 
 .text.Reset_Handler
                0x080016e4       0x48 build/startup_stm32f103xb.o
                0x080016e4                Reset_Handler
 .text.Default_Handler
                0x0800172c        0x2 build/startup_stm32f103xb.o
                0x0800172c                RTC_Alarm_IRQHandler
                0x0800172c                EXTI2_IRQHandler
                0x0800172c                TIM1_CC_IRQHandler
                0x0800172c                PVD_IRQHandler
                0x0800172c                EXTI3_IRQHandler
                0x0800172c                EXTI0_IRQHandler
                0x0800172c                I2C2_EV_IRQHandler
                0x0800172c                ADC1_2_IRQHandler
                0x0800172c                SPI1_IRQHandler
                0x0800172c                TAMPER_IRQHandler
                0x0800172c                DMA1_Channel4_IRQHandler
                0x0800172c                USART3_IRQHandler
                0x0800172c                RTC_IRQHandler
                0x0800172c                DMA1_Channel7_IRQHandler
                0x0800172c                CAN1_RX1_IRQHandler
                0x0800172c                TIM4_IRQHandler
                0x0800172c                I2C1_EV_IRQHandler
                0x0800172c                DMA1_Channel6_IRQHandler
                0x0800172c                TIM3_IRQHandler
                0x0800172c                RCC_IRQHandler
                0x0800172c                TIM1_TRG_COM_IRQHandler
                0x0800172c                DMA1_Channel1_IRQHandler
                0x0800172c                Default_Handler
                0x0800172c                EXTI15_10_IRQHandler
                0x0800172c                EXTI9_5_IRQHandler
                0x0800172c                SPI2_IRQHandler
                0x0800172c                DMA1_Channel5_IRQHandler
                0x0800172c                EXTI4_IRQHandler
                0x0800172c                USB_LP_CAN1_RX0_IRQHandler
                0x0800172c                USB_HP_CAN1_TX_IRQHandler
                0x0800172c                DMA1_Channel3_IRQHandler
                0x0800172c                TIM1_UP_IRQHandler
                0x0800172c                WWDG_IRQHandler
                0x0800172c                TIM2_IRQHandler
                0x0800172c                TIM1_BRK_IRQHandler
                0x0800172c                EXTI1_IRQHandler
                0x0800172c                USART2_IRQHandler
                0x0800172c                I2C2_ER_IRQHandler
                0x0800172c                DMA1_Channel2_IRQHandler
                0x0800172c                CAN1_SCE_IRQHandler
                0x0800172c                FLASH_IRQHandler
                0x0800172c                USART1_IRQHandler
                0x0800172c                I2C1_ER_IRQHandler
                0x0800172c                USBWakeUp_IRQHandler
 *fill*         0x0800172e        0x2 
 .text.__libc_init_array
                0x08001730       0x48 c:/program files (x86)/gnu arm embedded toolchain/10 2020-q4-major/bin/../lib/gcc/arm-none-eabi/10.2.1/../../../../arm-none-eabi/lib/thumb/v7-m/nofp\libc_nano.a(lib_a-init.o)
                0x08001730                __libc_init_array
 .text.memset   0x08001778       0x10 c:/program files (x86)/gnu arm embedded toolchain/10 2020-q4-major/bin/../lib/gcc/arm-none-eabi/10.2.1/../../../../arm-none-eabi/lib/thumb/v7-m/nofp\libc_nano.a(lib_a-memset.o)
                0x08001778                memset
 *(.glue_7)
 .glue_7        0x08001788        0x0 linker stubs
 *(.glue_7t)
 .glue_7t       0x08001788        0x0 linker stubs
 *(.eh_frame)
 .eh_frame      0x08001788        0x0 c:/program files (x86)/gnu arm embedded toolchain/10 2020-q4-major/bin/../lib/gcc/arm-none-eabi/10.2.1/thumb/v7-m/nofp/crtbegin.o
 *(.init)
 .init          0x08001788        0x4 c:/program files (x86)/gnu arm embedded toolchain/10 2020-q4-major/bin/../lib/gcc/arm-none-eabi/10.2.1/thumb/v7-m/nofp/crti.o
                0x08001788                _init
 .init          0x0800178c        0x8 c:/program files (x86)/gnu arm embedded toolchain/10 2020-q4-major/bin/../lib/gcc/arm-none-eabi/10.2.1/thumb/v7-m/nofp/crtn.o
 *(.fini)
 .fini          0x08001794        0x4 c:/program files (x86)/gnu arm embedded toolchain/10 2020-q4-major/bin/../lib/gcc/arm-none-eabi/10.2.1/thumb/v7-m/nofp/crti.o
                0x08001794                _fini
 .fini          0x08001798        0x8 c:/program files (x86)/gnu arm embedded toolchain/10 2020-q4-major/bin/../lib/gcc/arm-none-eabi/10.2.1/thumb/v7-m/nofp/crtn.o
                0x080017a0                . = ALIGN (0x4)
                0x080017a0                _etext = .

.vfp11_veneer   0x080017a0        0x0
 .vfp11_veneer  0x080017a0        0x0 linker stubs

.v4_bx          0x080017a0        0x0
 .v4_bx         0x080017a0        0x0 linker stubs

.iplt           0x080017a0        0x0
 .iplt          0x080017a0        0x0 c:/program files (x86)/gnu arm embedded toolchain/10 2020-q4-major/bin/../lib/gcc/arm-none-eabi/10.2.1/thumb/v7-m/nofp/crtbegin.o

.rodata         0x080017a0      0x850
                0x080017a0                . = ALIGN (0x4)
 *(.rodata)
 *(.rodata*)
 .rodata.main.str1.4
                0x080017a0        0xf build/main.o
 *fill*         0x080017af        0x1 
 .rodata.OFFSET_TAB_CCMRx
                0x080017b0        0x7 build/main.o
 *fill*         0x080017b7        0x1 
 .rodata.SHIFT_TAB_OCxx
                0x080017b8        0x7 build/main.o
 *fill*         0x080017bf        0x1 
 .rodata.F6x8   0x080017c0      0x228 build/oled.o
                0x080017c0                F6x8
 .rodata.F8X16  0x080019e8      0x5f0 build/oled.o
                0x080019e8                F8X16
 .rodata.AHBPrescTable
                0x08001fd8       0x10 build/system_stm32f1xx.o
                0x08001fd8                AHBPrescTable
 .rodata.APBPrescTable
                0x08001fe8        0x8 build/system_stm32f1xx.o
                0x08001fe8                APBPrescTable
                0x08001ff0                . = ALIGN (0x4)

.rel.dyn        0x08001ff0        0x0
 .rel.iplt      0x08001ff0        0x0 c:/program files (x86)/gnu arm embedded toolchain/10 2020-q4-major/bin/../lib/gcc/arm-none-eabi/10.2.1/thumb/v7-m/nofp/crtbegin.o

.ARM.extab
 *(.ARM.extab* .gnu.linkonce.armextab.*)

.ARM            0x08001ff0        0x0
                0x08001ff0                __exidx_start = .
 *(.ARM.exidx*)
                0x08001ff0                __exidx_end = .

.preinit_array  0x08001ff0        0x0
                0x08001ff0                PROVIDE (__preinit_array_start = .)
 *(.preinit_array*)
                0x08001ff0                PROVIDE (__preinit_array_end = .)

.init_array     0x08001ff0        0x4
                0x08001ff0                PROVIDE (__init_array_start = .)
 *(SORT_BY_NAME(.init_array.*))
 *(.init_array*)
 .init_array    0x08001ff0        0x4 c:/program files (x86)/gnu arm embedded toolchain/10 2020-q4-major/bin/../lib/gcc/arm-none-eabi/10.2.1/thumb/v7-m/nofp/crtbegin.o
                0x08001ff4                PROVIDE (__init_array_end = .)

.fini_array     0x08001ff4        0x4
                [!provide]                PROVIDE (__fini_array_start = .)
 *(SORT_BY_NAME(.fini_array.*))
 *(.fini_array*)
 .fini_array    0x08001ff4        0x4 c:/program files (x86)/gnu arm embedded toolchain/10 2020-q4-major/bin/../lib/gcc/arm-none-eabi/10.2.1/thumb/v7-m/nofp/crtbegin.o
                [!provide]                PROVIDE (__fini_array_end = .)
                0x08001ff8                _sidata = LOADADDR (.data)

.data           0x20000000        0x4 load address 0x08001ff8
                0x20000000                . = ALIGN (0x4)
                0x20000000                _sdata = .
 *(.data)
 *(.data*)
 .data.SystemCoreClock
                0x20000000        0x4 build/system_stm32f1xx.o
                0x20000000                SystemCoreClock
                0x20000004                . = ALIGN (0x4)
                0x20000004                _edata = .

.igot.plt       0x20000004        0x0 load address 0x08001ffc
 .igot.plt      0x20000004        0x0 c:/program files (x86)/gnu arm embedded toolchain/10 2020-q4-major/bin/../lib/gcc/arm-none-eabi/10.2.1/thumb/v7-m/nofp/crtbegin.o
                0x20000004                . = ALIGN (0x4)

.bss            0x20000004       0x20 load address 0x08001ffc
                0x20000004                _sbss = .
                0x20000004                __bss_start__ = _sbss
 *(.bss)
 .bss           0x20000004       0x1c c:/program files (x86)/gnu arm embedded toolchain/10 2020-q4-major/bin/../lib/gcc/arm-none-eabi/10.2.1/thumb/v7-m/nofp/crtbegin.o
 *(.bss*)
 .bss.nrf24Sta  0x20000020        0x1 build/nrf24l01.o
                0x20000020                nrf24Sta
 *(COMMON)
                0x20000024                . = ALIGN (0x4)
 *fill*         0x20000021        0x3 
                0x20000024                _ebss = .
                0x20000024                __bss_end__ = _ebss

._user_heap_stack
                0x20000024      0x604 load address 0x08001ffc
                0x20000028                . = ALIGN (0x8)
 *fill*         0x20000024        0x4 
                [!provide]                PROVIDE (end = .)
                0x20000028                PROVIDE (_end = .)
                0x20000228                . = (. + _Min_Heap_Size)
 *fill*         0x20000028      0x200 
                0x20000628                . = (. + _Min_Stack_Size)
 *fill*         0x20000228      0x400 
                0x20000628                . = ALIGN (0x8)

/DISCARD/
 libc.a(*)
 libm.a(*)
 libgcc.a(*)

.ARM.attributes
                0x00000000       0x29
 *(.ARM.attributes)
 .ARM.attributes
                0x00000000       0x1d c:/program files (x86)/gnu arm embedded toolchain/10 2020-q4-major/bin/../lib/gcc/arm-none-eabi/10.2.1/thumb/v7-m/nofp/crti.o
 .ARM.attributes
                0x0000001d       0x2d c:/program files (x86)/gnu arm embedded toolchain/10 2020-q4-major/bin/../lib/gcc/arm-none-eabi/10.2.1/thumb/v7-m/nofp/crtbegin.o
 .ARM.attributes
                0x0000004a       0x2d build/main.o
 .ARM.attributes
                0x00000077       0x2d build/stm32f1xx_it.o
 .ARM.attributes
                0x000000a4       0x2d build/ctrl.o
 .ARM.attributes
                0x000000d1       0x2d build/nrf24l01.o
 .ARM.attributes
                0x000000fe       0x2d build/oled.o
 .ARM.attributes
                0x0000012b       0x2d build/stm32f1xx_ll_gpio.o
 .ARM.attributes
                0x00000158       0x2d build/stm32f1xx_ll_adc.o
 .ARM.attributes
                0x00000185       0x2d build/stm32f1xx_ll_rcc.o
 .ARM.attributes
                0x000001b2       0x2d build/stm32f1xx_ll_utils.o
 .ARM.attributes
                0x000001df       0x2d build/stm32f1xx_ll_exti.o
 .ARM.attributes
                0x0000020c       0x2d build/stm32f1xx_ll_spi.o
 .ARM.attributes
                0x00000239       0x2d build/stm32f1xx_ll_tim.o
 .ARM.attributes
                0x00000266       0x2d build/stm32f1xx_ll_usart.o
 .ARM.attributes
                0x00000293       0x2d build/system_stm32f1xx.o
 .ARM.attributes
                0x000002c0       0x21 build/startup_stm32f103xb.o
 .ARM.attributes
                0x000002e1       0x2d c:/program files (x86)/gnu arm embedded toolchain/10 2020-q4-major/bin/../lib/gcc/arm-none-eabi/10.2.1/../../../../arm-none-eabi/lib/thumb/v7-m/nofp\libc_nano.a(lib_a-init.o)
 .ARM.attributes
                0x0000030e       0x2d c:/program files (x86)/gnu arm embedded toolchain/10 2020-q4-major/bin/../lib/gcc/arm-none-eabi/10.2.1/../../../../arm-none-eabi/lib/thumb/v7-m/nofp\libc_nano.a(lib_a-memset.o)
 .ARM.attributes
                0x0000033b       0x1d c:/program files (x86)/gnu arm embedded toolchain/10 2020-q4-major/bin/../lib/gcc/arm-none-eabi/10.2.1/thumb/v7-m/nofp/crtn.o
OUTPUT(build/plane.elf elf32-littlearm)
LOAD linker stubs
LOAD c:/program files (x86)/gnu arm embedded toolchain/10 2020-q4-major/bin/../lib/gcc/arm-none-eabi/10.2.1/../../../../arm-none-eabi/lib/thumb/v7-m/nofp\libc.a
LOAD c:/program files (x86)/gnu arm embedded toolchain/10 2020-q4-major/bin/../lib/gcc/arm-none-eabi/10.2.1/../../../../arm-none-eabi/lib/thumb/v7-m/nofp\libm.a
LOAD c:/program files (x86)/gnu arm embedded toolchain/10 2020-q4-major/bin/../lib/gcc/arm-none-eabi/10.2.1/thumb/v7-m/nofp\libgcc.a

.debug_info     0x00000000     0xa263
 .debug_info    0x00000000     0x2c58 build/main.o
 .debug_info    0x00002c58      0x22f build/stm32f1xx_it.o
 .debug_info    0x00002e87      0x6e2 build/ctrl.o
 .debug_info    0x00003569     0x10a9 build/nrf24l01.o
 .debug_info    0x00004612      0xdbc build/oled.o
 .debug_info    0x000053ce      0x8f0 build/stm32f1xx_ll_gpio.o
 .debug_info    0x00005cbe      0xa26 build/stm32f1xx_ll_adc.o
 .debug_info    0x000066e4      0x7da build/stm32f1xx_ll_rcc.o
 .debug_info    0x00006ebe      0xbbb build/stm32f1xx_ll_utils.o
 .debug_info    0x00007a79      0x547 build/stm32f1xx_ll_exti.o
 .debug_info    0x00007fc0      0x53d build/stm32f1xx_ll_spi.o
 .debug_info    0x000084fd     0x12dc build/stm32f1xx_ll_tim.o
 .debug_info    0x000097d9      0x801 build/stm32f1xx_ll_usart.o
 .debug_info    0x00009fda      0x267 build/system_stm32f1xx.o
 .debug_info    0x0000a241       0x22 build/startup_stm32f103xb.o

.debug_abbrev   0x00000000     0x1f71
 .debug_abbrev  0x00000000      0x3e3 build/main.o
 .debug_abbrev  0x000003e3       0xd8 build/stm32f1xx_it.o
 .debug_abbrev  0x000004bb      0x182 build/ctrl.o
 .debug_abbrev  0x0000063d      0x25e build/nrf24l01.o
 .debug_abbrev  0x0000089b      0x1f9 build/oled.o
 .debug_abbrev  0x00000a94      0x26a build/stm32f1xx_ll_gpio.o
 .debug_abbrev  0x00000cfe      0x20e build/stm32f1xx_ll_adc.o
 .debug_abbrev  0x00000f0c      0x2d3 build/stm32f1xx_ll_rcc.o
 .debug_abbrev  0x000011df      0x311 build/stm32f1xx_ll_utils.o
 .debug_abbrev  0x000014f0      0x1d9 build/stm32f1xx_ll_exti.o
 .debug_abbrev  0x000016c9      0x1ec build/stm32f1xx_ll_spi.o
 .debug_abbrev  0x000018b5      0x2c0 build/stm32f1xx_ll_tim.o
 .debug_abbrev  0x00001b75      0x2aa build/stm32f1xx_ll_usart.o
 .debug_abbrev  0x00001e1f      0x140 build/system_stm32f1xx.o
 .debug_abbrev  0x00001f5f       0x12 build/startup_stm32f103xb.o

.debug_loc      0x00000000     0x4ffc
 .debug_loc     0x00000000      0xe9a build/main.o
 .debug_loc     0x00000e9a      0x19a build/ctrl.o
 .debug_loc     0x00001034      0x621 build/nrf24l01.o
 .debug_loc     0x00001655      0x785 build/oled.o
 .debug_loc     0x00001dda      0x509 build/stm32f1xx_ll_gpio.o
 .debug_loc     0x000022e3      0x450 build/stm32f1xx_ll_adc.o
 .debug_loc     0x00002733      0x353 build/stm32f1xx_ll_rcc.o
 .debug_loc     0x00002a86      0x6ed build/stm32f1xx_ll_utils.o
 .debug_loc     0x00003173      0x2eb build/stm32f1xx_ll_exti.o
 .debug_loc     0x0000345e      0x254 build/stm32f1xx_ll_spi.o
 .debug_loc     0x000036b2     0x1347 build/stm32f1xx_ll_tim.o
 .debug_loc     0x000049f9      0x504 build/stm32f1xx_ll_usart.o
 .debug_loc     0x00004efd       0xff build/system_stm32f1xx.o

.debug_aranges  0x00000000      0x510
 .debug_aranges
                0x00000000       0x78 build/main.o
 .debug_aranges
                0x00000078       0x60 build/stm32f1xx_it.o
 .debug_aranges
                0x000000d8       0x30 build/ctrl.o
 .debug_aranges
                0x00000108       0x40 build/nrf24l01.o
 .debug_aranges
                0x00000148       0xb8 build/oled.o
 .debug_aranges
                0x00000200       0x30 build/stm32f1xx_ll_gpio.o
 .debug_aranges
                0x00000230       0x68 build/stm32f1xx_ll_adc.o
 .debug_aranges
                0x00000298       0x60 build/stm32f1xx_ll_rcc.o
 .debug_aranges
                0x000002f8       0x68 build/stm32f1xx_ll_utils.o
 .debug_aranges
                0x00000360       0x30 build/stm32f1xx_ll_exti.o
 .debug_aranges
                0x00000390       0x30 build/stm32f1xx_ll_spi.o
 .debug_aranges
                0x000003c0       0xc0 build/stm32f1xx_ll_tim.o
 .debug_aranges
                0x00000480       0x40 build/stm32f1xx_ll_usart.o
 .debug_aranges
                0x000004c0       0x28 build/system_stm32f1xx.o
 .debug_aranges
                0x000004e8       0x28 build/startup_stm32f103xb.o

.debug_ranges   0x00000000      0x5c0
 .debug_ranges  0x00000000       0x68 build/main.o
 .debug_ranges  0x00000068       0x50 build/stm32f1xx_it.o
 .debug_ranges  0x000000b8       0x20 build/ctrl.o
 .debug_ranges  0x000000d8       0x30 build/nrf24l01.o
 .debug_ranges  0x00000108       0xa8 build/oled.o
 .debug_ranges  0x000001b0       0x98 build/stm32f1xx_ll_gpio.o
 .debug_ranges  0x00000248       0x58 build/stm32f1xx_ll_adc.o
 .debug_ranges  0x000002a0       0x50 build/stm32f1xx_ll_rcc.o
 .debug_ranges  0x000002f0       0x58 build/stm32f1xx_ll_utils.o
 .debug_ranges  0x00000348       0x50 build/stm32f1xx_ll_exti.o
 .debug_ranges  0x00000398       0x38 build/stm32f1xx_ll_spi.o
 .debug_ranges  0x000003d0      0x110 build/stm32f1xx_ll_tim.o
 .debug_ranges  0x000004e0       0xa8 build/stm32f1xx_ll_usart.o
 .debug_ranges  0x00000588       0x18 build/system_stm32f1xx.o
 .debug_ranges  0x000005a0       0x20 build/startup_stm32f103xb.o

.debug_line     0x00000000     0x5607
 .debug_line    0x00000000     0x10f0 build/main.o
 .debug_line    0x000010f0      0x297 build/stm32f1xx_it.o
 .debug_line    0x00001387      0x326 build/ctrl.o
 .debug_line    0x000016ad      0x72d build/nrf24l01.o
 .debug_line    0x00001dda      0x6cc build/oled.o
 .debug_line    0x000024a6      0x5a1 build/stm32f1xx_ll_gpio.o
 .debug_line    0x00002a47      0x51f build/stm32f1xx_ll_adc.o
 .debug_line    0x00002f66      0x59b build/stm32f1xx_ll_rcc.o
 .debug_line    0x00003501      0x767 build/stm32f1xx_ll_utils.o
 .debug_line    0x00003c68      0x3cf build/stm32f1xx_ll_exti.o
 .debug_line    0x00004037      0x35f build/stm32f1xx_ll_spi.o
 .debug_line    0x00004396      0xabf build/stm32f1xx_ll_tim.o
 .debug_line    0x00004e55      0x4f3 build/stm32f1xx_ll_usart.o
 .debug_line    0x00005348      0x24a build/system_stm32f1xx.o
 .debug_line    0x00005592       0x75 build/startup_stm32f103xb.o

.debug_str      0x00000000     0x21a0
 .debug_str     0x00000000      0xc67 build/main.o
                                0xd7b (size before relaxing)
 .debug_str     0x00000c67       0xb8 build/stm32f1xx_it.o
                                0x263 (size before relaxing)
 .debug_str     0x00000d1f      0x130 build/ctrl.o
                                0x358 (size before relaxing)
 .debug_str     0x00000e4f      0x370 build/nrf24l01.o
                                0x613 (size before relaxing)
 .debug_str     0x000011bf      0x10a build/oled.o
                                0x34e (size before relaxing)
 .debug_str     0x000012c9       0xe9 build/stm32f1xx_ll_gpio.o
                                0x32b (size before relaxing)
 .debug_str     0x000013b2      0x1a1 build/stm32f1xx_ll_adc.o
                                0x50a (size before relaxing)
 .debug_str     0x00001553      0x2e5 build/stm32f1xx_ll_rcc.o
                                0x505 (size before relaxing)
 .debug_str     0x00001838      0x22f build/stm32f1xx_ll_utils.o
                                0x5fc (size before relaxing)
 .debug_str     0x00001a67      0x159 build/stm32f1xx_ll_exti.o
                                0x338 (size before relaxing)
 .debug_str     0x00001bc0       0xaf build/stm32f1xx_ll_spi.o
                                0x354 (size before relaxing)
 .debug_str     0x00001c6f      0x35a build/stm32f1xx_ll_tim.o
                                0x822 (size before relaxing)
 .debug_str     0x00001fc9      0x168 build/stm32f1xx_ll_usart.o
                                0x4ae (size before relaxing)
 .debug_str     0x00002131       0x4b build/system_stm32f1xx.o
                                0x20b (size before relaxing)
 .debug_str     0x0000217c       0x24 build/startup_stm32f103xb.o
                                 0x36 (size before relaxing)

.comment        0x00000000       0x4d
 .comment       0x00000000       0x4d build/main.o
                                 0x4e (size before relaxing)
 .comment       0x0000004d       0x4e build/stm32f1xx_it.o
 .comment       0x0000004d       0x4e build/ctrl.o
 .comment       0x0000004d       0x4e build/nrf24l01.o
 .comment       0x0000004d       0x4e build/oled.o
 .comment       0x0000004d       0x4e build/stm32f1xx_ll_gpio.o
 .comment       0x0000004d       0x4e build/stm32f1xx_ll_adc.o
 .comment       0x0000004d       0x4e build/stm32f1xx_ll_rcc.o
 .comment       0x0000004d       0x4e build/stm32f1xx_ll_utils.o
 .comment       0x0000004d       0x4e build/stm32f1xx_ll_exti.o
 .comment       0x0000004d       0x4e build/stm32f1xx_ll_spi.o
 .comment       0x0000004d       0x4e build/stm32f1xx_ll_tim.o
 .comment       0x0000004d       0x4e build/stm32f1xx_ll_usart.o
 .comment       0x0000004d       0x4e build/system_stm32f1xx.o

.debug_frame    0x00000000      0xb4c
 .debug_frame   0x00000000      0x184 build/main.o
 .debug_frame   0x00000184       0xa0 build/stm32f1xx_it.o
 .debug_frame   0x00000224       0x40 build/ctrl.o
 .debug_frame   0x00000264       0x84 build/nrf24l01.o
 .debug_frame   0x000002e8      0x1e4 build/oled.o
 .debug_frame   0x000004cc       0x6c build/stm32f1xx_ll_gpio.o
 .debug_frame   0x00000538       0xd0 build/stm32f1xx_ll_adc.o
 .debug_frame   0x00000608       0xc4 build/stm32f1xx_ll_rcc.o
 .debug_frame   0x000006cc       0xec build/stm32f1xx_ll_utils.o
 .debug_frame   0x000007b8       0x50 build/stm32f1xx_ll_exti.o
 .debug_frame   0x00000808       0x50 build/stm32f1xx_ll_spi.o
 .debug_frame   0x00000858      0x1f8 build/stm32f1xx_ll_tim.o
 .debug_frame   0x00000a50       0x80 build/stm32f1xx_ll_usart.o
 .debug_frame   0x00000ad0       0x30 build/system_stm32f1xx.o
 .debug_frame   0x00000b00       0x2c c:/program files (x86)/gnu arm embedded toolchain/10 2020-q4-major/bin/../lib/gcc/arm-none-eabi/10.2.1/../../../../arm-none-eabi/lib/thumb/v7-m/nofp\libc_nano.a(lib_a-init.o)
 .debug_frame   0x00000b2c       0x20 c:/program files (x86)/gnu arm embedded toolchain/10 2020-q4-major/bin/../lib/gcc/arm-none-eabi/10.2.1/../../../../arm-none-eabi/lib/thumb/v7-m/nofp\libc_nano.a(lib_a-memset.o)

Cross Reference Table

Symbol                                            File
ADC1_2_IRQHandler                                 build/startup_stm32f103xb.o
AHBPrescTable                                     build/system_stm32f1xx.o
                                                  build/stm32f1xx_ll_utils.o
                                                  build/stm32f1xx_ll_rcc.o
APBPrescTable                                     build/system_stm32f1xx.o
                                                  build/stm32f1xx_ll_rcc.o
BusFault_Handler                                  build/stm32f1xx_it.o
CAN1_RX1_IRQHandler                               build/startup_stm32f103xb.o
CAN1_SCE_IRQHandler                               build/startup_stm32f103xb.o
CTRL_MAX                                          build/ctrl.o
DMA1_Channel1_IRQHandler                          build/startup_stm32f103xb.o
DMA1_Channel2_IRQHandler                          build/startup_stm32f103xb.o
DMA1_Channel3_IRQHandler                          build/startup_stm32f103xb.o
DMA1_Channel4_IRQHandler                          build/startup_stm32f103xb.o
DMA1_Channel5_IRQHandler                          build/startup_stm32f103xb.o
DMA1_Channel6_IRQHandler                          build/startup_stm32f103xb.o
DMA1_Channel7_IRQHandler                          build/startup_stm32f103xb.o
DebugMon_Handler                                  build/stm32f1xx_it.o
Default_Handler                                   build/startup_stm32f103xb.o
EXTI0_IRQHandler                                  build/startup_stm32f103xb.o
EXTI15_10_IRQHandler                              build/startup_stm32f103xb.o
EXTI1_IRQHandler                                  build/startup_stm32f103xb.o
EXTI2_IRQHandler                                  build/startup_stm32f103xb.o
EXTI3_IRQHandler                                  build/startup_stm32f103xb.o
EXTI4_IRQHandler                                  build/startup_stm32f103xb.o
EXTI9_5_IRQHandler                                build/startup_stm32f103xb.o
Error_Handler                                     build/main.o
F6x8                                              build/oled.o
F8X16                                             build/oled.o
FLASH_IRQHandler                                  build/startup_stm32f103xb.o
HardFault_Handler                                 build/stm32f1xx_it.o
I2C1_ER_IRQHandler                                build/startup_stm32f103xb.o
I2C1_EV_IRQHandler                                build/startup_stm32f103xb.o
I2C2_ER_IRQHandler                                build/startup_stm32f103xb.o
I2C2_EV_IRQHandler                                build/startup_stm32f103xb.o
IIC_Start                                         build/oled.o
IIC_Stop                                          build/oled.o
IIC_Wait_Ack                                      build/oled.o
LL_ADC_CommonDeInit                               build/stm32f1xx_ll_adc.o
LL_ADC_CommonInit                                 build/stm32f1xx_ll_adc.o
                                                  build/main.o
LL_ADC_CommonStructInit                           build/stm32f1xx_ll_adc.o
LL_ADC_DeInit                                     build/stm32f1xx_ll_adc.o
LL_ADC_INJ_Init                                   build/stm32f1xx_ll_adc.o
LL_ADC_INJ_StructInit                             build/stm32f1xx_ll_adc.o
LL_ADC_Init                                       build/stm32f1xx_ll_adc.o
                                                  build/main.o
LL_ADC_REG_Init                                   build/stm32f1xx_ll_adc.o
                                                  build/main.o
LL_ADC_REG_StructInit                             build/stm32f1xx_ll_adc.o
LL_ADC_StructInit                                 build/stm32f1xx_ll_adc.o
LL_DMA_DeInit                                     build/stm32f1xx_ll_dma.o
LL_DMA_Init                                       build/stm32f1xx_ll_dma.o
LL_DMA_StructInit                                 build/stm32f1xx_ll_dma.o
LL_EXTI_DeInit                                    build/stm32f1xx_ll_exti.o
LL_EXTI_Init                                      build/stm32f1xx_ll_exti.o
                                                  build/main.o
LL_EXTI_StructInit                                build/stm32f1xx_ll_exti.o
LL_GPIO_DeInit                                    build/stm32f1xx_ll_gpio.o
LL_GPIO_Init                                      build/stm32f1xx_ll_gpio.o
                                                  build/main.o
LL_GPIO_StructInit                                build/stm32f1xx_ll_gpio.o
LL_Init1msTick                                    build/stm32f1xx_ll_utils.o
                                                  build/main.o
LL_PLL_ConfigSystemClock_HSE                      build/stm32f1xx_ll_utils.o
LL_PLL_ConfigSystemClock_HSI                      build/stm32f1xx_ll_utils.o
LL_PWR_DeInit                                     build/stm32f1xx_ll_pwr.o
LL_RCC_DeInit                                     build/stm32f1xx_ll_rcc.o
LL_RCC_GetADCClockFreq                            build/stm32f1xx_ll_rcc.o
LL_RCC_GetSystemClocksFreq                        build/stm32f1xx_ll_rcc.o
                                                  build/stm32f1xx_ll_usart.o
LL_RCC_GetUSBClockFreq                            build/stm32f1xx_ll_rcc.o
LL_SPI_DeInit                                     build/stm32f1xx_ll_spi.o
LL_SPI_Init                                       build/stm32f1xx_ll_spi.o
                                                  build/main.o
LL_SPI_StructInit                                 build/stm32f1xx_ll_spi.o
LL_SetFlashLatency                                build/stm32f1xx_ll_utils.o
LL_SetSystemCoreClock                             build/stm32f1xx_ll_utils.o
                                                  build/main.o
LL_TIM_BDTR_Init                                  build/stm32f1xx_ll_tim.o
                                                  build/main.o
LL_TIM_BDTR_StructInit                            build/stm32f1xx_ll_tim.o
LL_TIM_DeInit                                     build/stm32f1xx_ll_tim.o
LL_TIM_ENCODER_Init                               build/stm32f1xx_ll_tim.o
LL_TIM_ENCODER_StructInit                         build/stm32f1xx_ll_tim.o
LL_TIM_HALLSENSOR_Init                            build/stm32f1xx_ll_tim.o
LL_TIM_HALLSENSOR_StructInit                      build/stm32f1xx_ll_tim.o
LL_TIM_IC_Init                                    build/stm32f1xx_ll_tim.o
LL_TIM_IC_StructInit                              build/stm32f1xx_ll_tim.o
LL_TIM_Init                                       build/stm32f1xx_ll_tim.o
                                                  build/main.o
LL_TIM_OC_Init                                    build/stm32f1xx_ll_tim.o
                                                  build/main.o
LL_TIM_OC_StructInit                              build/stm32f1xx_ll_tim.o
LL_TIM_StructInit                                 build/stm32f1xx_ll_tim.o
LL_USART_ClockInit                                build/stm32f1xx_ll_usart.o
LL_USART_ClockStructInit                          build/stm32f1xx_ll_usart.o
LL_USART_DeInit                                   build/stm32f1xx_ll_usart.o
LL_USART_Init                                     build/stm32f1xx_ll_usart.o
                                                  build/main.o
LL_USART_StructInit                               build/stm32f1xx_ll_usart.o
LL_mDelay                                         build/stm32f1xx_ll_utils.o
                                                  build/nrf24l01.o
                                                  build/main.o
MemManage_Handler                                 build/stm32f1xx_it.o
NMI_Handler                                       build/stm32f1xx_it.o
NRF24_FLUSH_RX                                    build/nrf24l01.o
NRF24_FLUSH_TX                                    build/nrf24l01.o
NRF24_NOP                                         build/nrf24l01.o
NRF24_REG_CONFIG                                  build/nrf24l01.o
NRF24_REG_DYNPD                                   build/nrf24l01.o
NRF24_REG_EN_AA                                   build/nrf24l01.o
NRF24_REG_EN_RXADDR                               build/nrf24l01.o
NRF24_REG_FEATURE                                 build/nrf24l01.o
NRF24_REG_FIFO_STATUS                             build/nrf24l01.o
NRF24_REG_OBSERVE_TX                              build/nrf24l01.o
NRF24_REG_RF_CH                                   build/nrf24l01.o
NRF24_REG_RF_SETUP                                build/nrf24l01.o
NRF24_REG_RSSI                                    build/nrf24l01.o
NRF24_REG_RX_ADDR_P0                              build/nrf24l01.o
NRF24_REG_RX_ADDR_P1                              build/nrf24l01.o
NRF24_REG_RX_ADDR_P2                              build/nrf24l01.o
NRF24_REG_RX_ADDR_P3                              build/nrf24l01.o
NRF24_REG_RX_ADDR_P4                              build/nrf24l01.o
NRF24_REG_RX_ADDR_P5                              build/nrf24l01.o
NRF24_REG_RX_PW_P0                                build/nrf24l01.o
NRF24_REG_RX_PW_P1                                build/nrf24l01.o
NRF24_REG_RX_PW_P2                                build/nrf24l01.o
NRF24_REG_RX_PW_P3                                build/nrf24l01.o
NRF24_REG_RX_PW_P4                                build/nrf24l01.o
NRF24_REG_RX_PW_P5                                build/nrf24l01.o
NRF24_REG_SETUP_AW                                build/nrf24l01.o
NRF24_REG_SETUP_RETR                              build/nrf24l01.o
NRF24_REG_STATUS                                  build/nrf24l01.o
NRF24_REG_TX_ADDR                                 build/nrf24l01.o
NRF24_REUSE_TX_PL                                 build/nrf24l01.o
NRF24_R_REG                                       build/nrf24l01.o
NRF24_R_RX_PAYLOAD                                build/nrf24l01.o
NRF24_R_RX_PL_WID                                 build/nrf24l01.o
NRF24_W_ACK_PAYLOAD                               build/nrf24l01.o
NRF24_W_REG                                       build/nrf24l01.o
NRF24_W_TX_PAYLOAD                                build/nrf24l01.o
NRF24_W_TX_PAYLOAD_NOACK                          build/nrf24l01.o
NRF_buffer                                        build/ctrl.o
OLED_Clear                                        build/oled.o
                                                  build/main.o
OLED_Display_Off                                  build/oled.o
OLED_Display_On                                   build/oled.o
OLED_Init                                         build/oled.o
                                                  build/main.o
OLED_On                                           build/oled.o
OLED_SCLK_Clr                                     build/oled.o
OLED_SCLK_Set                                     build/oled.o
OLED_SDIN_Clr                                     build/oled.o
OLED_SDIN_Set                                     build/oled.o
OLED_Set_Pos                                      build/oled.o
OLED_ShowChar                                     build/oled.o
OLED_ShowString                                   build/oled.o
                                                  build/main.o
OLED_WR_Byte                                      build/oled.o
PVD_IRQHandler                                    build/startup_stm32f103xb.o
PendSV_Handler                                    build/stm32f1xx_it.o
RCC_GetHCLKClockFreq                              build/stm32f1xx_ll_rcc.o
RCC_GetPCLK1ClockFreq                             build/stm32f1xx_ll_rcc.o
RCC_GetPCLK2ClockFreq                             build/stm32f1xx_ll_rcc.o
RCC_GetSystemClockFreq                            build/stm32f1xx_ll_rcc.o
RCC_IRQHandler                                    build/startup_stm32f103xb.o
RCC_PLL_GetFreqDomain_SYS                         build/stm32f1xx_ll_rcc.o
RTC_Alarm_IRQHandler                              build/startup_stm32f103xb.o
RTC_IRQHandler                                    build/startup_stm32f103xb.o
Reset_Handler                                     build/startup_stm32f103xb.o
SPI1_IRQHandler                                   build/startup_stm32f103xb.o
SPI2_IRQHandler                                   build/startup_stm32f103xb.o
SVC_Handler                                       build/stm32f1xx_it.o
SysTick_Handler                                   build/stm32f1xx_it.o
SystemClock_Config                                build/main.o
SystemCoreClock                                   build/system_stm32f1xx.o
                                                  build/stm32f1xx_ll_utils.o
SystemCoreClockUpdate                             build/system_stm32f1xx.o
SystemInit                                        build/system_stm32f1xx.o
                                                  build/startup_stm32f103xb.o
TAMPER_IRQHandler                                 build/startup_stm32f103xb.o
TIM1_BRK_IRQHandler                               build/startup_stm32f103xb.o
TIM1_CC_IRQHandler                                build/startup_stm32f103xb.o
TIM1_TRG_COM_IRQHandler                           build/startup_stm32f103xb.o
TIM1_UP_IRQHandler                                build/startup_stm32f103xb.o
TIM2_IRQHandler                                   build/startup_stm32f103xb.o
TIM3_IRQHandler                                   build/startup_stm32f103xb.o
TIM4_IRQHandler                                   build/startup_stm32f103xb.o
USART1_IRQHandler                                 build/startup_stm32f103xb.o
USART2_IRQHandler                                 build/startup_stm32f103xb.o
USART3_IRQHandler                                 build/startup_stm32f103xb.o
USBWakeUp_IRQHandler                              build/startup_stm32f103xb.o
USB_HP_CAN1_TX_IRQHandler                         build/startup_stm32f103xb.o
USB_LP_CAN1_RX0_IRQHandler                        build/startup_stm32f103xb.o
UsageFault_Handler                                build/stm32f1xx_it.o
WWDG_IRQHandler                                   build/startup_stm32f103xb.o
Write_IIC_Byte                                    build/oled.o
Write_IIC_Command                                 build/oled.o
Write_IIC_Data                                    build/oled.o
_Min_Stack_Size                                   build/sysmem.o
__bss_end__                                       c:/program files (x86)/gnu arm embedded toolchain/10 2020-q4-major/bin/../lib/gcc/arm-none-eabi/10.2.1/../../../../arm-none-eabi/lib/thumb/v7-m/nofp/crt0.o
__bss_start__                                     c:/program files (x86)/gnu arm embedded toolchain/10 2020-q4-major/bin/../lib/gcc/arm-none-eabi/10.2.1/../../../../arm-none-eabi/lib/thumb/v7-m/nofp/crt0.o
__call_exitprocs                                  c:/program files (x86)/gnu arm embedded toolchain/10 2020-q4-major/bin/../lib/gcc/arm-none-eabi/10.2.1/../../../../arm-none-eabi/lib/thumb/v7-m/nofp\libc_nano.a(lib_a-exit.o)
__deregister_frame_info                           c:/program files (x86)/gnu arm embedded toolchain/10 2020-q4-major/bin/../lib/gcc/arm-none-eabi/10.2.1/thumb/v7-m/nofp/crtbegin.o
__dso_handle                                      c:/program files (x86)/gnu arm embedded toolchain/10 2020-q4-major/bin/../lib/gcc/arm-none-eabi/10.2.1/thumb/v7-m/nofp/crtbegin.o
__env                                             build/syscalls.o
__errno                                           c:/program files (x86)/gnu arm embedded toolchain/10 2020-q4-major/bin/../lib/gcc/arm-none-eabi/10.2.1/../../../../arm-none-eabi/lib/thumb/v7-m/nofp\libc_nano.a(lib_a-errno.o)
                                                  build/sysmem.o
                                                  build/syscalls.o
__init_array_end                                  c:/program files (x86)/gnu arm embedded toolchain/10 2020-q4-major/bin/../lib/gcc/arm-none-eabi/10.2.1/../../../../arm-none-eabi/lib/thumb/v7-m/nofp\libc_nano.a(lib_a-init.o)
__init_array_start                                c:/program files (x86)/gnu arm embedded toolchain/10 2020-q4-major/bin/../lib/gcc/arm-none-eabi/10.2.1/../../../../arm-none-eabi/lib/thumb/v7-m/nofp\libc_nano.a(lib_a-init.o)
__libc_fini_array                                 c:/program files (x86)/gnu arm embedded toolchain/10 2020-q4-major/bin/../lib/gcc/arm-none-eabi/10.2.1/../../../../arm-none-eabi/lib/thumb/v7-m/nofp/crt0.o
__libc_init_array                                 c:/program files (x86)/gnu arm embedded toolchain/10 2020-q4-major/bin/../lib/gcc/arm-none-eabi/10.2.1/../../../../arm-none-eabi/lib/thumb/v7-m/nofp\libc_nano.a(lib_a-init.o)
                                                  build/startup_stm32f103xb.o
                                                  c:/program files (x86)/gnu arm embedded toolchain/10 2020-q4-major/bin/../lib/gcc/arm-none-eabi/10.2.1/../../../../arm-none-eabi/lib/thumb/v7-m/nofp/crt0.o
__preinit_array_end                               c:/program files (x86)/gnu arm embedded toolchain/10 2020-q4-major/bin/../lib/gcc/arm-none-eabi/10.2.1/../../../../arm-none-eabi/lib/thumb/v7-m/nofp\libc_nano.a(lib_a-init.o)
__preinit_array_start                             c:/program files (x86)/gnu arm embedded toolchain/10 2020-q4-major/bin/../lib/gcc/arm-none-eabi/10.2.1/../../../../arm-none-eabi/lib/thumb/v7-m/nofp\libc_nano.a(lib_a-init.o)
__register_frame_info                             c:/program files (x86)/gnu arm embedded toolchain/10 2020-q4-major/bin/../lib/gcc/arm-none-eabi/10.2.1/thumb/v7-m/nofp/crtbegin.o
__sf_fake_stderr                                  c:/program files (x86)/gnu arm embedded toolchain/10 2020-q4-major/bin/../lib/gcc/arm-none-eabi/10.2.1/../../../../arm-none-eabi/lib/thumb/v7-m/nofp\libc_nano.a(lib_a-impure.o)
__sf_fake_stdin                                   c:/program files (x86)/gnu arm embedded toolchain/10 2020-q4-major/bin/../lib/gcc/arm-none-eabi/10.2.1/../../../../arm-none-eabi/lib/thumb/v7-m/nofp\libc_nano.a(lib_a-impure.o)
__sf_fake_stdout                                  c:/program files (x86)/gnu arm embedded toolchain/10 2020-q4-major/bin/../lib/gcc/arm-none-eabi/10.2.1/../../../../arm-none-eabi/lib/thumb/v7-m/nofp\libc_nano.a(lib_a-impure.o)
__stack                                           c:/program files (x86)/gnu arm embedded toolchain/10 2020-q4-major/bin/../lib/gcc/arm-none-eabi/10.2.1/../../../../arm-none-eabi/lib/thumb/v7-m/nofp/crt0.o
_close                                            build/syscalls.o
_ebss                                             build/startup_stm32f103xb.o
_edata                                            build/startup_stm32f103xb.o
_end                                              build/sysmem.o
_estack                                           build/startup_stm32f103xb.o
                                                  build/sysmem.o
_execve                                           build/syscalls.o
_exit                                             build/syscalls.o
                                                  c:/program files (x86)/gnu arm embedded toolchain/10 2020-q4-major/bin/../lib/gcc/arm-none-eabi/10.2.1/../../../../arm-none-eabi/lib/thumb/v7-m/nofp\libc_nano.a(lib_a-exit.o)
_fini                                             c:/program files (x86)/gnu arm embedded toolchain/10 2020-q4-major/bin/../lib/gcc/arm-none-eabi/10.2.1/thumb/v7-m/nofp/crti.o
_fork                                             build/syscalls.o
_fstat                                            build/syscalls.o
_getpid                                           build/syscalls.o
_global_impure_ptr                                c:/program files (x86)/gnu arm embedded toolchain/10 2020-q4-major/bin/../lib/gcc/arm-none-eabi/10.2.1/../../../../arm-none-eabi/lib/thumb/v7-m/nofp\libc_nano.a(lib_a-impure.o)
                                                  c:/program files (x86)/gnu arm embedded toolchain/10 2020-q4-major/bin/../lib/gcc/arm-none-eabi/10.2.1/../../../../arm-none-eabi/lib/thumb/v7-m/nofp\libc_nano.a(lib_a-exit.o)
_impure_ptr                                       c:/program files (x86)/gnu arm embedded toolchain/10 2020-q4-major/bin/../lib/gcc/arm-none-eabi/10.2.1/../../../../arm-none-eabi/lib/thumb/v7-m/nofp\libc_nano.a(lib_a-impure.o)
                                                  c:/program files (x86)/gnu arm embedded toolchain/10 2020-q4-major/bin/../lib/gcc/arm-none-eabi/10.2.1/../../../../arm-none-eabi/lib/thumb/v7-m/nofp\libc_nano.a(lib_a-errno.o)
_init                                             c:/program files (x86)/gnu arm embedded toolchain/10 2020-q4-major/bin/../lib/gcc/arm-none-eabi/10.2.1/thumb/v7-m/nofp/crti.o
                                                  c:/program files (x86)/gnu arm embedded toolchain/10 2020-q4-major/bin/../lib/gcc/arm-none-eabi/10.2.1/../../../../arm-none-eabi/lib/thumb/v7-m/nofp\libc_nano.a(lib_a-init.o)
_isatty                                           build/syscalls.o
_kill                                             build/syscalls.o
_link                                             build/syscalls.o
_lseek                                            build/syscalls.o
_mainCRTStartup                                   c:/program files (x86)/gnu arm embedded toolchain/10 2020-q4-major/bin/../lib/gcc/arm-none-eabi/10.2.1/../../../../arm-none-eabi/lib/thumb/v7-m/nofp/crt0.o
_open                                             build/syscalls.o
_read                                             build/syscalls.o
_sbrk                                             build/sysmem.o
_sbss                                             build/startup_stm32f103xb.o
_sdata                                            build/startup_stm32f103xb.o
_sidata                                           build/startup_stm32f103xb.o
_stack_init                                       c:/program files (x86)/gnu arm embedded toolchain/10 2020-q4-major/bin/../lib/gcc/arm-none-eabi/10.2.1/../../../../arm-none-eabi/lib/thumb/v7-m/nofp/crt0.o
_start                                            c:/program files (x86)/gnu arm embedded toolchain/10 2020-q4-major/bin/../lib/gcc/arm-none-eabi/10.2.1/../../../../arm-none-eabi/lib/thumb/v7-m/nofp/crt0.o
_stat                                             build/syscalls.o
_times                                            build/syscalls.o
_unlink                                           build/syscalls.o
_wait                                             build/syscalls.o
_write                                            build/syscalls.o
atexit                                            c:/program files (x86)/gnu arm embedded toolchain/10 2020-q4-major/bin/../lib/gcc/arm-none-eabi/10.2.1/../../../../arm-none-eabi/lib/thumb/v7-m/nofp/crt0.o
ctrlSta                                           build/ctrl.o
ctrl_cmd                                          build/ctrl.o
ctrl_decode                                       build/ctrl.o
ctrl_init                                         build/ctrl.o
                                                  build/main.o
ctrl_refresh                                      build/ctrl.o
environ                                           build/syscalls.o
exit                                              c:/program files (x86)/gnu arm embedded toolchain/10 2020-q4-major/bin/../lib/gcc/arm-none-eabi/10.2.1/../../../../arm-none-eabi/lib/thumb/v7-m/nofp\libc_nano.a(lib_a-exit.o)
                                                  c:/program files (x86)/gnu arm embedded toolchain/10 2020-q4-major/bin/../lib/gcc/arm-none-eabi/10.2.1/../../../../arm-none-eabi/lib/thumb/v7-m/nofp/crt0.o
g_pfnVectors                                      build/startup_stm32f103xb.o
hardware_init_hook                                c:/program files (x86)/gnu arm embedded toolchain/10 2020-q4-major/bin/../lib/gcc/arm-none-eabi/10.2.1/../../../../arm-none-eabi/lib/thumb/v7-m/nofp/crt0.o
initialise_monitor_handles                        build/syscalls.o
main                                              build/main.o
                                                  build/startup_stm32f103xb.o
                                                  c:/program files (x86)/gnu arm embedded toolchain/10 2020-q4-major/bin/../lib/gcc/arm-none-eabi/10.2.1/../../../../arm-none-eabi/lib/thumb/v7-m/nofp/crt0.o
memset                                            c:/program files (x86)/gnu arm embedded toolchain/10 2020-q4-major/bin/../lib/gcc/arm-none-eabi/10.2.1/../../../../arm-none-eabi/lib/thumb/v7-m/nofp\libc_nano.a(lib_a-memset.o)
                                                  build/main.o
                                                  c:/program files (x86)/gnu arm embedded toolchain/10 2020-q4-major/bin/../lib/gcc/arm-none-eabi/10.2.1/../../../../arm-none-eabi/lib/thumb/v7-m/nofp/crt0.o
nrf24Sta                                          build/nrf24l01.o
nrfDelayUs                                        build/nrf24l01.o
nrfGetData                                        build/nrf24l01.o
nrfGetSigOK                                       build/nrf24l01.o
nrfInitRecieve                                    build/nrf24l01.o
                                                  build/main.o
nrfRegAccess                                      build/nrf24l01.o
oledDelayUs                                       build/oled.o
pwm_left                                          build/ctrl.o
pwm_right                                         build/ctrl.o
servo_left                                        build/ctrl.o
servo_right                                       build/ctrl.o
software_init_hook                                c:/program files (x86)/gnu arm embedded toolchain/10 2020-q4-major/bin/../lib/gcc/arm-none-eabi/10.2.1/../../../../arm-none-eabi/lib/thumb/v7-m/nofp/crt0.o
